// 重构日志: 2a3118d1
// 重构日志: 6e14f8ce
// 重构日志: 354b0b42
// 重构日志: 04bbe99d
// 重构日志: 3f9b0c27
// 重构日志: 17b565a6
// 重构日志: e84c8ddd
// 重构日志: 78250b64
// 同步 ID: 6abcf8d5 @ Fri Jul 24 15:22:51 UTC 2026
// 同步 ID: a2110b41 @ Sat Jul 25 17:58:58 UTC 2026
// 重构日志: 763224b3
// 重构日志: 393a7fa4
// 同步 ID: f19d2ddb @ Sun Jul 26 08:14:19 UTC 2026
// 同步 ID: e739ab54 @ Mon Jul 27 02:10:02 UTC 2026
// 重构日志: f3325559
// 重构日志: ff35d959
// 重构日志: fc04b388
// 同步 ID: 728fac1d @ Mon Jul 27 18:12:05 UTC 2026
// 同步 ID: 9855dc79 @ Mon Jul 27 23:32:52 UTC 2026
// 同步 ID: f8b9cc41 @ Tue Jul 28 13:51:00 UTC 2026
// 同步 ID: 78120811 @ Tue Jul 28 16:31:16 UTC 2026
// 重构日志: d318b4e5
// 重构日志: 0b857068
// 重构日志: 8656cf68
// 重构日志: dcca0a6d
// 同步 ID: 1e754a61 @ Tue Aug  4 08:01:51 UTC 2026
// 同步 ID: 9d2a3816 @ Tue Aug  4 13:26:23 UTC 2026
// 重构日志: 936f2b9d
// 同步 ID: 2aa1e9fc @ Wed Aug  5 16:45:27 UTC 2026
// 同步 ID: 54a25502 @ Thu Aug  6 01:28:16 UTC 2026
// 重构日志: 64187c7c
// 重构日志: 491f2b1b
